Running Sphinx v9.1.0
loading translations [en]... done
making output directory... done
myst v5.0.0: MdParserConfig(commonmark_only=False, gfm_only=False, enable_extensions={'substitution', 'deflist', 'colon_fence'}, disable_syntax=[], all_links_external=False, links_external_new_tab=False, url_schemes=('http', 'https', 'mailto', 'ftp'), ref_domains=None, fence_as_directive=set(), number_code_blocks=[], title_to_header=False, heading_anchors=0, heading_slug_func=None, html_meta={}, footnote_sort=True, footnote_transition=True, words_per_minute=200, substitutions={}, linkify_fuzzy_links=True, dmath_allow_labels=True, dmath_allow_space=True, dmath_allow_digits=True, dmath_double_inline=False, update_mathjax=True, mathjax_classes='tex2jax_process|mathjax_process|math|output_area', enable_checkboxes=False, suppress_warnings=[], highlight_code_blocks=True)
building [mo]: targets for 0 po files that are out of date
writing output... 
building [html]: targets for 161 source files that are out of date
updating environment: [new config] 161 added, 0 changed, 0 removed
reading sources... [  1%] 1237/contents-list
reading sources... [  1%] 1237/cover
reading sources... [  2%] 1237/doc1
reading sources... [  2%] 1237/doc2
reading sources... [  3%] 1237/doc3
reading sources... [  4%] 1237/doc4
reading sources... [  4%] 1237/doc4pt5
reading sources... [  5%] 1237/doc5
reading sources... [  6%] 1237/doc6
reading sources... [  6%] 1237/index
reading sources... [  7%] 1237/narr-timeline
reading sources... [  7%] 1237/nav
reading sources... [  8%] 1237/reminder-note
reading sources... [  9%] 1291/contents-list
reading sources... [  9%] 1291/cover
reading sources... [ 10%] 1291/doc1
reading sources... [ 11%] 1291/doc10
reading sources... [ 11%] 1291/doc11
reading sources... [ 12%] 1291/doc12
reading sources... [ 12%] 1291/doc13
reading sources... [ 13%] 1291/doc14
reading sources... [ 14%] 1291/doc15
reading sources... [ 14%] 1291/doc16
reading sources... [ 15%] 1291/doc17
reading sources... [ 16%] 1291/doc18
reading sources... [ 16%] 1291/doc19
reading sources... [ 17%] 1291/doc2
reading sources... [ 17%] 1291/doc20
reading sources... [ 18%] 1291/doc21
reading sources... [ 19%] 1291/doc22
reading sources... [ 19%] 1291/doc3
reading sources... [ 20%] 1291/doc4
reading sources... [ 20%] 1291/doc5
reading sources... [ 21%] 1291/doc6
reading sources... [ 22%] 1291/doc7
reading sources... [ 22%] 1291/doc8
reading sources... [ 23%] 1291/doc9
reading sources... [ 24%] 1291/index
reading sources... [ 24%] 1291/nav
reading sources... [ 25%] 139/actum-bueckeburg-amt-21-aug-1849
reading sources... [ 25%] 139/amt-report-22-aug-1849
reading sources... [ 26%] 139/amt-report-on-krueckeberg-petition-to-sell-his-holding
reading sources... [ 27%] 139/contents-list
reading sources... [ 27%] 139/cover
reading sources... [ 28%] 139/doc1-1
reading sources... [ 29%] 139/doc1-2
reading sources... [ 29%] 139/doc1-3
reading sources... [ 30%] 139/doc1-4
reading sources... [ 30%] 139/doc1-5
reading sources... [ 31%] 139/doc2
reading sources... [ 32%] 139/index
reading sources... [ 32%] 139/krueckeberg-petition-to-sell
reading sources... [ 33%] 139/narr-timeline
reading sources... [ 34%] 139/nav
reading sources... [ 34%] 139/petition-to-sell-his-holding-23-aug-1849
reading sources... [ 35%] 139/rentkammer-confirmation-and-instruction-regards-sale-of-krueckeberg-holding
reading sources... [ 35%] 139/sales-contract-for-no-10
reading sources... [ 36%] 140/index
reading sources... [ 37%] 140/nav
reading sources... [ 37%] 140/page-17
reading sources... [ 38%] 146/actum-bueckeburg-am-Amte-9-16-50
reading sources... [ 39%] 146/ad6-survey-drawing
reading sources... [ 39%] 146/carl-fried-supplication-to-sell
reading sources... [ 40%] 146/contents-list
reading sources... [ 40%] 146/copia
reading sources... [ 41%] 146/cover
reading sources... [ 42%] 146/doc1
reading sources... [ 42%] 146/doc1-2nd-analysis
reading sources... [ 43%] 146/doc1-analysis
reading sources... [ 43%] 146/doc10
reading sources... [ 44%] 146/doc11
reading sources... [ 45%] 146/doc2
reading sources... [ 45%] 146/doc3
reading sources... [ 46%] 146/doc4
reading sources... [ 47%] 146/doc5
reading sources... [ 47%] 146/doc6
reading sources... [ 48%] 146/doc7
reading sources... [ 48%] 146/doc8
reading sources... [ 49%] 146/doc9
reading sources... [ 50%] 146/index
reading sources... [ 50%] 146/nav
reading sources... [ 51%] 146/other-docs
reading sources... [ 52%] 146/petition-to-sell-cover-sheet
reading sources... [ 52%] 146/report-to-bueckeburg-amt-9-26-50
reading sources... [ 53%] 146/report-to-kammer-from-bueckeburg-amt-9-19-50
reading sources... [ 53%] 146/report-to-kammer-from-bueckeburg-amt-9-26-50
reading sources... [ 54%] 147/contents-list
reading sources... [ 55%] 147/cover
reading sources... [ 55%] 147/doc5
reading sources... [ 56%] 147/index
reading sources... [ 57%] 147/nav
reading sources... [ 57%] 188/abschrift-4386
reading sources... [ 58%] 188/cover
reading sources... [ 58%] 188/index
reading sources... [ 59%] 188/nav
reading sources... [ 60%] 2713/index
reading sources... [ 60%] 2713/nav
reading sources... [ 61%] 2713/page-110
reading sources... [ 61%] 2728/index
reading sources... [ 62%] 2728/nav
reading sources... [ 63%] 2728/survey-1737
reading sources... [ 63%] 2741/cover
reading sources... [ 64%] 2741/index
reading sources... [ 65%] 2741/nav
reading sources... [ 65%] 2741/title
reading sources... [ 66%] 354/cover
reading sources... [ 66%] 354/image2
reading sources... [ 67%] 354/image3
reading sources... [ 68%] 354/image4
reading sources... [ 68%] 354/index
reading sources... [ 69%] 354/nav
reading sources... [ 70%] 689/
reading sources... [ 70%] 689/adoc1
reading sources... [ 71%] 689/adoc2
reading sources... [ 71%] 689/amt-decree
reading sources... [ 72%] 689/analyze
reading sources... [ 73%] 689/content-list
reading sources... [ 73%] 689/cover
reading sources... [ 74%] 689/doc1
reading sources... [ 75%] 689/doc10
reading sources... [ 75%] 689/doc2-1
reading sources... [ 76%] 689/doc2-2
reading sources... [ 76%] 689/doc3-1
reading sources... [ 77%] 689/doc3-2
reading sources... [ 78%] 689/doc3-3
reading sources... [ 78%] 689/doc4-1
reading sources... [ 79%] 689/doc4-2
reading sources... [ 80%] 689/doc5
reading sources... [ 80%] 689/doc6-1
reading sources... [ 81%] 689/doc6-2
reading sources... [ 81%] 689/doc6-3
reading sources... [ 82%] 689/doc7
reading sources... [ 83%] 689/doc8-1
reading sources... [ 83%] 689/doc8-2
reading sources... [ 84%] 689/doc8-3
reading sources... [ 84%] 689/doc9
reading sources... [ 85%] 689/docs-1-and-2-analysis
reading sources... [ 86%] 689/document-markings
reading sources... [ 86%] 689/event-log
reading sources... [ 87%] 689/glossary
reading sources... [ 88%] 689/index
reading sources... [ 88%] 689/literal-doc-index
reading sources... [ 89%] 689/nav
reading sources... [ 89%] 689/old-nav
reading sources... [ 90%] 689/other-numbering-notes
reading sources... [ 91%] 689/readme-deskew
reading sources... [ 91%] 689/rentcammer-and-amt
reading sources... [ 92%] 689/rescript-explained
reading sources... [ 93%] 689/roster
reading sources... [ 93%] 689/service-slip-july-10-1841
reading sources... [ 94%] 689/workflow
reading sources... [ 94%] ROOT/index
reading sources... [ 95%] ROOT/license
reading sources... [ 96%] ROOT/nav-top
reading sources... [ 96%] index
reading sources... [ 97%] rentkammer/case-file-docs-explained
reading sources... [ 98%] rentkammer/index
reading sources... [ 98%] rentkammer/nav
reading sources... [ 99%] rentkammer/rentkammer-and-kolonat-system
reading sources... [ 99%] rentkammer/terms
reading sources... [100%] rentkammer/workflow

/home/kurt/sphinx-nla/source/1291/doc11.md.rst:149: WARNING: Unknown directive type: '' [myst.directive_unknown]
/home/kurt/sphinx-nla/source/1291/doc11.md.rst:171: WARNING: Unknown directive type: '' [myst.directive_unknown]
/home/kurt/sphinx-nla/source/1291/doc11.md.rst:324: WARNING: Unknown directive type: '' [myst.directive_unknown]
/home/kurt/sphinx-nla/source/1291/doc11.md.rst:346: WARNING: Unknown directive type: '' [myst.directive_unknown]
/home/kurt/sphinx-nla/source/1291/doc6.md.rst:113: WARNING: Unknown directive type: '' [myst.directive_unknown]
/home/kurt/sphinx-nla/source/139/cover.md.rst:51: WARNING: Document headings start at H2, not H1 [myst.header]
/home/kurt/sphinx-nla/source/689/content-list.md.rst:73: WARNING: Document headings start at H2, not H1 [myst.header]
/home/kurt/sphinx-nla/source/689/nav.md:1: WARNING: toctree contains reference to nonexisting document '689/narrative' [toc.not_readable]
/home/kurt/sphinx-nla/source/689/old-nav.md.rst:1: WARNING: Unknown directive type: '' [myst.directive_unknown]
/home/kurt/sphinx-nla/source/rentkammer/case-file-docs-explained.md:: WARNING: image file not readable: rentkammer/images/nr-pr.jpg [image.not_readable]
/home/kurt/sphinx-nla/source/rentkammer/case-file-docs-explained.md:: WARNING: image file not readable: rentkammer/images/ad-nc.jpg [image.not_readable]
looking for now-outdated files... none found
pickling environment... done
checking consistency... /home/kurt/sphinx-nla/source/1237/nav.md: WARNING: document isn't included in any toctree [toc.not_included]
/home/kurt/sphinx-nla/source/1291/nav.md: WARNING: document isn't included in any toctree [toc.not_included]
/home/kurt/sphinx-nla/source/139/nav.md: WARNING: document isn't included in any toctree [toc.not_included]
/home/kurt/sphinx-nla/source/139/rentkammer-confirmation-and-instruction-regards-sale-of-krueckeberg-holding.md: WARNING: document isn't included in any toctree [toc.not_included]
/home/kurt/sphinx-nla/source/139/sales-contract-for-no-10.md: WARNING: document isn't included in any toctree [toc.not_included]
/home/kurt/sphinx-nla/source/140/nav.md: WARNING: document isn't included in any toctree [toc.not_included]
/home/kurt/sphinx-nla/source/146/nav.md: WARNING: document isn't included in any toctree [toc.not_included]
/home/kurt/sphinx-nla/source/146/report-to-kammer-from-bueckeburg-amt-9-26-50.md: WARNING: document isn't included in any toctree [toc.not_included]
/home/kurt/sphinx-nla/source/147/index.md: WARNING: document isn't included in any toctree [toc.not_included]
/home/kurt/sphinx-nla/source/147/nav.md: WARNING: document isn't included in any toctree [toc.not_included]
/home/kurt/sphinx-nla/source/188/nav.md: WARNING: document isn't included in any toctree [toc.not_included]
/home/kurt/sphinx-nla/source/2713/nav.md: WARNING: document isn't included in any toctree [toc.not_included]
/home/kurt/sphinx-nla/source/2713/page-110.md: WARNING: document isn't included in any toctree [toc.not_included]
/home/kurt/sphinx-nla/source/2728/index.md: WARNING: document isn't included in any toctree [toc.not_included]
/home/kurt/sphinx-nla/source/2728/nav.md: WARNING: document isn't included in any toctree [toc.not_included]
/home/kurt/sphinx-nla/source/2741/cover.md: WARNING: document isn't included in any toctree [toc.not_included]
/home/kurt/sphinx-nla/source/2741/nav.md: WARNING: document isn't included in any toctree [toc.not_included]
/home/kurt/sphinx-nla/source/2741/title.md: WARNING: document isn't included in any toctree [toc.not_included]
/home/kurt/sphinx-nla/source/354/image4.md: WARNING: document isn't included in any toctree [toc.not_included]
/home/kurt/sphinx-nla/source/354/nav.md: WARNING: document isn't included in any toctree [toc.not_included]
/home/kurt/sphinx-nla/source/689/.md: WARNING: document isn't included in any toctree [toc.not_included]
/home/kurt/sphinx-nla/source/689/adoc1.md: WARNING: document isn't included in any toctree [toc.not_included]
/home/kurt/sphinx-nla/source/689/adoc2.md: WARNING: document isn't included in any toctree [toc.not_included]
/home/kurt/sphinx-nla/source/689/amt-decree.md: WARNING: document isn't included in any toctree [toc.not_included]
/home/kurt/sphinx-nla/source/689/analyze.md: WARNING: document isn't included in any toctree [toc.not_included]
/home/kurt/sphinx-nla/source/689/content-list.md: WARNING: document isn't included in any toctree [toc.not_included]
/home/kurt/sphinx-nla/source/689/cover.md: WARNING: document isn't included in any toctree [toc.not_included]
/home/kurt/sphinx-nla/source/689/doc1.md: WARNING: document isn't included in any toctree [toc.not_included]
/home/kurt/sphinx-nla/source/689/doc10.md: WARNING: document isn't included in any toctree [toc.not_included]
/home/kurt/sphinx-nla/source/689/doc2-1.md: WARNING: document isn't included in any toctree [toc.not_included]
/home/kurt/sphinx-nla/source/689/doc2-2.md: WARNING: document isn't included in any toctree [toc.not_included]
/home/kurt/sphinx-nla/source/689/doc3-1.md: WARNING: document isn't included in any toctree [toc.not_included]
/home/kurt/sphinx-nla/source/689/doc3-2.md: WARNING: document isn't included in any toctree [toc.not_included]
/home/kurt/sphinx-nla/source/689/doc3-3.md: WARNING: document isn't included in any toctree [toc.not_included]
/home/kurt/sphinx-nla/source/689/doc4-1.md: WARNING: document isn't included in any toctree [toc.not_included]
/home/kurt/sphinx-nla/source/689/doc4-2.md: WARNING: document isn't included in any toctree [toc.not_included]
/home/kurt/sphinx-nla/source/689/doc5.md: WARNING: document isn't included in any toctree [toc.not_included]
/home/kurt/sphinx-nla/source/689/doc6-1.md: WARNING: document isn't included in any toctree [toc.not_included]
/home/kurt/sphinx-nla/source/689/doc6-2.md: WARNING: document isn't included in any toctree [toc.not_included]
/home/kurt/sphinx-nla/source/689/doc6-3.md: WARNING: document isn't included in any toctree [toc.not_included]
/home/kurt/sphinx-nla/source/689/doc7.md: WARNING: document isn't included in any toctree [toc.not_included]
/home/kurt/sphinx-nla/source/689/doc8-1.md: WARNING: document isn't included in any toctree [toc.not_included]
/home/kurt/sphinx-nla/source/689/doc8-2.md: WARNING: document isn't included in any toctree [toc.not_included]
/home/kurt/sphinx-nla/source/689/doc8-3.md: WARNING: document isn't included in any toctree [toc.not_included]
/home/kurt/sphinx-nla/source/689/doc9.md: WARNING: document isn't included in any toctree [toc.not_included]
/home/kurt/sphinx-nla/source/689/docs-1-and-2-analysis.md: WARNING: document isn't included in any toctree [toc.not_included]
/home/kurt/sphinx-nla/source/689/document-markings.md: WARNING: document isn't included in any toctree [toc.not_included]
/home/kurt/sphinx-nla/source/689/event-log.md: WARNING: document isn't included in any toctree [toc.not_included]
/home/kurt/sphinx-nla/source/689/glossary.md: WARNING: document isn't included in any toctree [toc.not_included]
/home/kurt/sphinx-nla/source/689/literal-doc-index.md: WARNING: document isn't included in any toctree [toc.not_included]
/home/kurt/sphinx-nla/source/689/nav.md: WARNING: document isn't included in any toctree [toc.not_included]
/home/kurt/sphinx-nla/source/689/old-nav.md: WARNING: document isn't included in any toctree [toc.not_included]
/home/kurt/sphinx-nla/source/689/other-numbering-notes.md: WARNING: document isn't included in any toctree [toc.not_included]
/home/kurt/sphinx-nla/source/689/readme-deskew.md: WARNING: document isn't included in any toctree [toc.not_included]
/home/kurt/sphinx-nla/source/689/rentcammer-and-amt.md: WARNING: document isn't included in any toctree [toc.not_included]
/home/kurt/sphinx-nla/source/689/rescript-explained.md: WARNING: document isn't included in any toctree [toc.not_included]
/home/kurt/sphinx-nla/source/689/roster.md: WARNING: document isn't included in any toctree [toc.not_included]
/home/kurt/sphinx-nla/source/689/service-slip-july-10-1841.md: WARNING: document isn't included in any toctree [toc.not_included]
/home/kurt/sphinx-nla/source/689/workflow.md: WARNING: document isn't included in any toctree [toc.not_included]
/home/kurt/sphinx-nla/source/ROOT/index.md: WARNING: document isn't included in any toctree [toc.not_included]
/home/kurt/sphinx-nla/source/ROOT/license.md: WARNING: document isn't included in any toctree [toc.not_included]
/home/kurt/sphinx-nla/source/ROOT/nav-top.md: WARNING: document isn't included in any toctree [toc.not_included]
/home/kurt/sphinx-nla/source/rentkammer/index.md: WARNING: document isn't included in any toctree [toc.not_included]
/home/kurt/sphinx-nla/source/rentkammer/nav.md: WARNING: document isn't included in any toctree [toc.not_included]
/home/kurt/sphinx-nla/source/rentkammer/workflow.md: WARNING: document isn't included in any toctree [toc.not_included]
done
preparing documents... WARNING: unsupported theme option 'content_footer_extra' given
done
copying assets... 
copying static files... 
Writing evaluated template result to /home/kurt/sphinx-nla/_build/html/_static/documentation_options.js
Writing evaluated template result to /home/kurt/sphinx-nla/_build/html/_static/language_data.js
Writing evaluated template result to /home/kurt/sphinx-nla/_build/html/_static/basic.css
copying static files: done
copying extra files... 
copying extra files: done
copying assets: done
writing output... [  1%] 1237/contents-list
writing output... [  1%] 1237/cover
writing output... [  2%] 1237/doc1
writing output... [  2%] 1237/doc2
writing output... [  3%] 1237/doc3
writing output... [  4%] 1237/doc4
writing output... [  4%] 1237/doc4pt5
writing output... [  5%] 1237/doc5
writing output... [  6%] 1237/doc6
writing output... [  6%] 1237/index
writing output... [  7%] 1237/narr-timeline
writing output... [  7%] 1237/nav
writing output... [  8%] 1237/reminder-note
writing output... [  9%] 1291/contents-list
writing output... [  9%] 1291/cover
writing output... [ 10%] 1291/doc1
writing output... [ 11%] 1291/doc10
writing output... [ 11%] 1291/doc11
writing output... [ 12%] 1291/doc12
writing output... [ 12%] 1291/doc13
writing output... [ 13%] 1291/doc14
writing output... [ 14%] 1291/doc15
writing output... [ 14%] 1291/doc16
writing output... [ 15%] 1291/doc17
writing output... [ 16%] 1291/doc18
writing output... [ 16%] 1291/doc19
writing output... [ 17%] 1291/doc2
writing output... [ 17%] 1291/doc20
writing output... [ 18%] 1291/doc21
writing output... [ 19%] 1291/doc22
writing output... [ 19%] 1291/doc3
writing output... [ 20%] 1291/doc4
writing output... [ 20%] 1291/doc5
writing output... [ 21%] 1291/doc6
writing output... [ 22%] 1291/doc7
writing output... [ 22%] 1291/doc8
writing output... [ 23%] 1291/doc9
writing output... [ 24%] 1291/index
writing output... [ 24%] 1291/nav
writing output... [ 25%] 139/actum-bueckeburg-amt-21-aug-1849
writing output... [ 25%] 139/amt-report-22-aug-1849
writing output... [ 26%] 139/amt-report-on-krueckeberg-petition-to-sell-his-holding
writing output... [ 27%] 139/contents-list
writing output... [ 27%] 139/cover
writing output... [ 28%] 139/doc1-1
writing output... [ 29%] 139/doc1-2
writing output... [ 29%] 139/doc1-3
writing output... [ 30%] 139/doc1-4
writing output... [ 30%] 139/doc1-5
writing output... [ 31%] 139/doc2
writing output... [ 32%] 139/index
writing output... [ 32%] 139/krueckeberg-petition-to-sell
writing output... [ 33%] 139/narr-timeline
writing output... [ 34%] 139/nav
writing output... [ 34%] 139/petition-to-sell-his-holding-23-aug-1849
writing output... [ 35%] 139/rentkammer-confirmation-and-instruction-regards-sale-of-krueckeberg-holding
writing output... [ 35%] 139/sales-contract-for-no-10
writing output... [ 36%] 140/index
writing output... [ 37%] 140/nav
writing output... [ 37%] 140/page-17
writing output... [ 38%] 146/actum-bueckeburg-am-Amte-9-16-50
writing output... [ 39%] 146/ad6-survey-drawing
writing output... [ 39%] 146/carl-fried-supplication-to-sell
writing output... [ 40%] 146/contents-list
writing output... [ 40%] 146/copia
writing output... [ 41%] 146/cover
writing output... [ 42%] 146/doc1
writing output... [ 42%] 146/doc1-2nd-analysis
writing output... [ 43%] 146/doc1-analysis
writing output... [ 43%] 146/doc10
writing output... [ 44%] 146/doc11
writing output... [ 45%] 146/doc2
writing output... [ 45%] 146/doc3
writing output... [ 46%] 146/doc4
writing output... [ 47%] 146/doc5
writing output... [ 47%] 146/doc6
writing output... [ 48%] 146/doc7
writing output... [ 48%] 146/doc8
writing output... [ 49%] 146/doc9
writing output... [ 50%] 146/index
writing output... [ 50%] 146/nav
writing output... [ 51%] 146/other-docs
writing output... [ 52%] 146/petition-to-sell-cover-sheet
writing output... [ 52%] 146/report-to-bueckeburg-amt-9-26-50
writing output... [ 53%] 146/report-to-kammer-from-bueckeburg-amt-9-19-50
writing output... [ 53%] 146/report-to-kammer-from-bueckeburg-amt-9-26-50
writing output... [ 54%] 147/contents-list
writing output... [ 55%] 147/cover
writing output... [ 55%] 147/doc5
writing output... [ 56%] 147/index
writing output... [ 57%] 147/nav
writing output... [ 57%] 188/abschrift-4386
writing output... [ 58%] 188/cover
writing output... [ 58%] 188/index
writing output... [ 59%] 188/nav
writing output... [ 60%] 2713/index
writing output... [ 60%] 2713/nav
writing output... [ 61%] 2713/page-110
writing output... [ 61%] 2728/index
writing output... [ 62%] 2728/nav
writing output... [ 63%] 2728/survey-1737
writing output... [ 63%] 2741/cover
writing output... [ 64%] 2741/index
writing output... [ 65%] 2741/nav
writing output... [ 65%] 2741/title
writing output... [ 66%] 354/cover
writing output... [ 66%] 354/image2
writing output... [ 67%] 354/image3
writing output... [ 68%] 354/image4
writing output... [ 68%] 354/index
writing output... [ 69%] 354/nav
writing output... [ 70%] 689/
writing output... [ 70%] 689/adoc1
writing output... [ 71%] 689/adoc2
writing output... [ 71%] 689/amt-decree
writing output... [ 72%] 689/analyze
writing output... [ 73%] 689/content-list
writing output... [ 73%] 689/cover
writing output... [ 74%] 689/doc1
writing output... [ 75%] 689/doc10
writing output... [ 75%] 689/doc2-1
writing output... [ 76%] 689/doc2-2
writing output... [ 76%] 689/doc3-1
writing output... [ 77%] 689/doc3-2
writing output... [ 78%] 689/doc3-3
writing output... [ 78%] 689/doc4-1
writing output... [ 79%] 689/doc4-2
writing output... [ 80%] 689/doc5
writing output... [ 80%] 689/doc6-1
writing output... [ 81%] 689/doc6-2
writing output... [ 81%] 689/doc6-3
writing output... [ 82%] 689/doc7
writing output... [ 83%] 689/doc8-1
writing output... [ 83%] 689/doc8-2
writing output... [ 84%] 689/doc8-3
writing output... [ 84%] 689/doc9
writing output... [ 85%] 689/docs-1-and-2-analysis
writing output... [ 86%] 689/document-markings
writing output... [ 86%] 689/event-log
writing output... [ 87%] 689/glossary
writing output... [ 88%] 689/index
writing output... [ 88%] 689/literal-doc-index
writing output... [ 89%] 689/nav
writing output... [ 89%] 689/old-nav
writing output... [ 90%] 689/other-numbering-notes
writing output... [ 91%] 689/readme-deskew
writing output... [ 91%] 689/rentcammer-and-amt
writing output... [ 92%] 689/rescript-explained
writing output... [ 93%] 689/roster
writing output... [ 93%] 689/service-slip-july-10-1841
writing output... [ 94%] 689/workflow
writing output... [ 94%] ROOT/index
writing output... [ 95%] ROOT/license
writing output... [ 96%] ROOT/nav-top
writing output... [ 96%] index
writing output... [ 97%] rentkammer/case-file-docs-explained
writing output... [ 98%] rentkammer/index
writing output... [ 98%] rentkammer/nav
writing output... [ 99%] rentkammer/rentkammer-and-kolonat-system
writing output... [ 99%] rentkammer/terms
writing output... [100%] rentkammer/workflow

/home/kurt/sphinx-nla/source/1237/doc1.md:174: WARNING: 'myst' cross-reference target not found: 'doc2.md' [myst.xref_missing]
/home/kurt/sphinx-nla/source/1237/doc4pt5.md:3: WARNING: 'myst' cross-reference target not found: 'contents-list.md' [myst.xref_missing]
/home/kurt/sphinx-nla/source/1237/doc4pt5.md:3: WARNING: 'myst' cross-reference target not found: 'doc4.md' [myst.xref_missing]
/home/kurt/sphinx-nla/source/1237/doc4pt5.md:5: WARNING: 'myst' cross-reference target not found: 'doc4.md' [myst.xref_missing]
/home/kurt/sphinx-nla/source/1291/contents-list.md:19: WARNING: 'myst' cross-reference target not found: 'doc1.md' [myst.xref_missing]
/home/kurt/sphinx-nla/source/1291/contents-list.md:21: WARNING: 'myst' cross-reference target not found: 'doc1.md' [myst.xref_missing]
/home/kurt/sphinx-nla/source/1291/contents-list.md:25: WARNING: 'myst' cross-reference target not found: 'doc2.md' [myst.xref_missing]
/home/kurt/sphinx-nla/source/1291/contents-list.md:29: WARNING: 'myst' cross-reference target not found: 'doc3.md' [myst.xref_missing]
/home/kurt/sphinx-nla/source/1291/contents-list.md:31: WARNING: 'myst' cross-reference target not found: 'doc3.md' [myst.xref_missing]
/home/kurt/sphinx-nla/source/1291/contents-list.md:33: WARNING: 'myst' cross-reference target not found: 'doc4.md' [myst.xref_missing]
/home/kurt/sphinx-nla/source/1291/contents-list.md:35: WARNING: 'myst' cross-reference target not found: 'doc4.md' [myst.xref_missing]
/home/kurt/sphinx-nla/source/1291/contents-list.md:37: WARNING: 'myst' cross-reference target not found: 'doc5.md' [myst.xref_missing]
/home/kurt/sphinx-nla/source/1291/contents-list.md:39: WARNING: 'myst' cross-reference target not found: 'doc5.md' [myst.xref_missing]
/home/kurt/sphinx-nla/source/1291/contents-list.md:41: WARNING: 'myst' cross-reference target not found: 'doc6.md' [myst.xref_missing]
/home/kurt/sphinx-nla/source/1291/contents-list.md:43: WARNING: 'myst' cross-reference target not found: 'doc6.md' [myst.xref_missing]
/home/kurt/sphinx-nla/source/1291/contents-list.md:45: WARNING: 'myst' cross-reference target not found: 'doc7.md' [myst.xref_missing]
/home/kurt/sphinx-nla/source/1291/contents-list.md:47: WARNING: 'myst' cross-reference target not found: 'doc7.md' [myst.xref_missing]
/home/kurt/sphinx-nla/source/1291/contents-list.md:49: WARNING: 'myst' cross-reference target not found: 'doc8.md' [myst.xref_missing]
/home/kurt/sphinx-nla/source/1291/contents-list.md:51: WARNING: 'myst' cross-reference target not found: 'doc8.md' [myst.xref_missing]
/home/kurt/sphinx-nla/source/1291/contents-list.md:53: WARNING: 'myst' cross-reference target not found: 'doc9.md' [myst.xref_missing]
/home/kurt/sphinx-nla/source/1291/contents-list.md:55: WARNING: 'myst' cross-reference target not found: 'doc9.adoc' [myst.xref_missing]
/home/kurt/sphinx-nla/source/1291/contents-list.md:57: WARNING: 'myst' cross-reference target not found: 'doc10.md' [myst.xref_missing]
/home/kurt/sphinx-nla/source/1291/contents-list.md:59: WARNING: 'myst' cross-reference target not found: 'doc10.md' [myst.xref_missing]
/home/kurt/sphinx-nla/source/1291/contents-list.md:61: WARNING: 'myst' cross-reference target not found: 'doc11.md' [myst.xref_missing]
/home/kurt/sphinx-nla/source/1291/contents-list.md:63: WARNING: 'myst' cross-reference target not found: 'doc11.md' [myst.xref_missing]
/home/kurt/sphinx-nla/source/1291/contents-list.md:65: WARNING: 'myst' cross-reference target not found: 'doc12.md' [myst.xref_missing]
/home/kurt/sphinx-nla/source/1291/contents-list.md:67: WARNING: 'myst' cross-reference target not found: 'doc12.md' [myst.xref_missing]
/home/kurt/sphinx-nla/source/1291/contents-list.md:69: WARNING: 'myst' cross-reference target not found: 'doc13.md' [myst.xref_missing]
/home/kurt/sphinx-nla/source/1291/contents-list.md:71: WARNING: 'myst' cross-reference target not found: 'doc13.md' [myst.xref_missing]
/home/kurt/sphinx-nla/source/1291/contents-list.md:73: WARNING: 'myst' cross-reference target not found: 'doc14.md' [myst.xref_missing]
/home/kurt/sphinx-nla/source/1291/contents-list.md:75: WARNING: 'myst' cross-reference target not found: 'doc14.md' [myst.xref_missing]
/home/kurt/sphinx-nla/source/1291/contents-list.md:77: WARNING: 'myst' cross-reference target not found: 'doc15.md' [myst.xref_missing]
/home/kurt/sphinx-nla/source/1291/contents-list.md:79: WARNING: 'myst' cross-reference target not found: 'doc15.md' [myst.xref_missing]
/home/kurt/sphinx-nla/source/1291/contents-list.md:81: WARNING: 'myst' cross-reference target not found: 'doc16.md' [myst.xref_missing]
/home/kurt/sphinx-nla/source/1291/contents-list.md:83: WARNING: 'myst' cross-reference target not found: 'doc16.md' [myst.xref_missing]
/home/kurt/sphinx-nla/source/1291/contents-list.md:87: WARNING: 'myst' cross-reference target not found: 'doc17.md' [myst.xref_missing]
/home/kurt/sphinx-nla/source/1291/contents-list.md:89: WARNING: 'myst' cross-reference target not found: 'doc17.md' [myst.xref_missing]
/home/kurt/sphinx-nla/source/1291/contents-list.md:91: WARNING: 'myst' cross-reference target not found: 'doc18.md' [myst.xref_missing]
/home/kurt/sphinx-nla/source/1291/contents-list.md:93: WARNING: 'myst' cross-reference target not found: 'doc18.md' [myst.xref_missing]
/home/kurt/sphinx-nla/source/1291/contents-list.md:97: WARNING: 'myst' cross-reference target not found: 'doc19.md' [myst.xref_missing]
/home/kurt/sphinx-nla/source/1291/contents-list.md:99: WARNING: 'myst' cross-reference target not found: 'doc19.md' [myst.xref_missing]
/home/kurt/sphinx-nla/source/1291/contents-list.md:101: WARNING: 'myst' cross-reference target not found: 'doc20.md' [myst.xref_missing]
/home/kurt/sphinx-nla/source/1291/contents-list.md:103: WARNING: 'myst' cross-reference target not found: 'doc20.md' [myst.xref_missing]
/home/kurt/sphinx-nla/source/1291/contents-list.md:105: WARNING: 'myst' cross-reference target not found: 'doc21.md' [myst.xref_missing]
/home/kurt/sphinx-nla/source/1291/contents-list.md:107: WARNING: 'myst' cross-reference target not found: 'doc21.md' [myst.xref_missing]
/home/kurt/sphinx-nla/source/1291/contents-list.md:109: WARNING: 'myst' cross-reference target not found: 'doc22.md' [myst.xref_missing]
/home/kurt/sphinx-nla/source/1291/contents-list.md:111: WARNING: 'myst' cross-reference target not found: 'doc22.md' [myst.xref_missing]
/home/kurt/sphinx-nla/source/1291/doc1.md:48: WARNING: Pygments lexer name '{.bordered' is not known [misc.highlighting_failure]
/home/kurt/sphinx-nla/source/1291/doc10.md:26: WARNING: Pygments lexer name '{.bordered' is not known [misc.highlighting_failure]
/home/kurt/sphinx-nla/source/1291/doc10.md:114: WARNING: Pygments lexer name '{.bordered' is not known [misc.highlighting_failure]
/home/kurt/sphinx-nla/source/1291/doc11.md:232: WARNING: Pygments lexer name '{.bordered' is not known [misc.highlighting_failure]
/home/kurt/sphinx-nla/source/1291/doc11.md:407: WARNING: Pygments lexer name '{.bordered' is not known [misc.highlighting_failure]
/home/kurt/sphinx-nla/source/1291/doc13.md:30: WARNING: Pygments lexer name '{.bordered' is not known [misc.highlighting_failure]
/home/kurt/sphinx-nla/source/1291/doc14.md:103: WARNING: Pygments lexer name '{.bordered' is not known [misc.highlighting_failure]
/home/kurt/sphinx-nla/source/1291/doc2.md:97: WARNING: Pygments lexer name '{.bordered' is not known [misc.highlighting_failure]
/home/kurt/sphinx-nla/source/1291/doc2.md:138: WARNING: Pygments lexer name '{.bordered' is not known [misc.highlighting_failure]
/home/kurt/sphinx-nla/source/1291/doc20.md:76: WARNING: 'myst' cross-reference target not found: 'doc11.md' [myst.xref_missing]
/home/kurt/sphinx-nla/source/1291/doc21.md:14: WARNING: 'myst' cross-reference target not found: 'contents-list.md' [myst.xref_missing]
/home/kurt/sphinx-nla/source/1291/doc22.md:83: WARNING: 'myst' cross-reference target not found: 'doc11.md' [myst.xref_missing]
/home/kurt/sphinx-nla/source/1291/doc4.md:81: WARNING: Pygments lexer name '{.bordered' is not known [misc.highlighting_failure]
/home/kurt/sphinx-nla/source/1291/doc5.md:147: WARNING: Pygments lexer name '{.bordered' is not known [misc.highlighting_failure]
/home/kurt/sphinx-nla/source/1291/doc6.md:201: WARNING: Pygments lexer name '{.bordered' is not known [misc.highlighting_failure]
/home/kurt/sphinx-nla/source/1291/doc7.md:36: WARNING: Pygments lexer name '{.bordered' is not known [misc.highlighting_failure]
/home/kurt/sphinx-nla/source/1291/doc8.md:68: WARNING: Pygments lexer name '{.bordered' is not known [misc.highlighting_failure]
/home/kurt/sphinx-nla/source/1291/doc8.md:142: WARNING: Pygments lexer name '{.bordered' is not known [misc.highlighting_failure]
/home/kurt/sphinx-nla/source/1291/nav.md:1: WARNING: toctree contains reference to document '1291/index' that doesn't have a title: no link will be generated [toc.no_title]
/home/kurt/sphinx-nla/source/1291/nav.md:1: WARNING: toctree contains reference to document '1291/cover' that doesn't have a title: no link will be generated [toc.no_title]
/home/kurt/sphinx-nla/source/139/actum-bueckeburg-amt-21-aug-1849.md:27: WARNING: Pygments lexer name '{.bordered' is not known [misc.highlighting_failure]
/home/kurt/sphinx-nla/source/139/actum-bueckeburg-amt-21-aug-1849.md:84: WARNING: Pygments lexer name '{.bordered' is not known [misc.highlighting_failure]
/home/kurt/sphinx-nla/source/139/amt-report-22-aug-1849.md:53: WARNING: Pygments lexer name '{.bordered' is not known [misc.highlighting_failure]
/home/kurt/sphinx-nla/source/139/amt-report-on-krueckeberg-petition-to-sell-his-holding.md:53: WARNING: Pygments lexer name '{.bordered' is not known [misc.highlighting_failure]
/home/kurt/sphinx-nla/source/139/doc1-1.md:232: WARNING: 'myst' cross-reference target not found: 'contents-list.md' [myst.xref_missing]
/home/kurt/sphinx-nla/source/139/index.md:5: WARNING: 'myst' cross-reference target not found: 'krueckeberg-petition-to-sell.md' [myst.xref_missing]
/home/kurt/sphinx-nla/source/139/nav.md:1: WARNING: toctree contains reference to document '139/index' that doesn't have a title: no link will be generated [toc.no_title]
/home/kurt/sphinx-nla/source/139/petition-to-sell-his-holding-23-aug-1849.md:43: WARNING: Pygments lexer name '{.bordered' is not known [misc.highlighting_failure]
/home/kurt/sphinx-nla/source/139/sales-contract-for-no-10.md:148: WARNING: Pygments lexer name '{.bordered' is not known [misc.highlighting_failure]
/home/kurt/sphinx-nla/source/140/page-17.md:13: WARNING: 'myst' cross-reference target not found: '' [myst.xref_missing]
/home/kurt/sphinx-nla/source/140/page-17.md:28: WARNING: 'myst' cross-reference target not found: '../#genealogy/petzen/PET-B-1728a.md' [myst.xref_missing]
/home/kurt/sphinx-nla/source/146/contents-list.md:17: WARNING: 'myst' cross-reference target not found: '../#146/doc1.md' [myst.xref_missing]
/home/kurt/sphinx-nla/source/146/contents-list.md:19: WARNING: 'myst' cross-reference target not found: '../#146/doc1.md' [myst.xref_missing]
/home/kurt/sphinx-nla/source/146/contents-list.md:23: WARNING: 'myst' cross-reference target not found: '../#146/doc1.md' [myst.xref_missing]
/home/kurt/sphinx-nla/source/146/contents-list.md:25: WARNING: 'myst' cross-reference target not found: '../#146/doc1.md' [myst.xref_missing]
/home/kurt/sphinx-nla/source/146/contents-list.md:27: WARNING: 'myst' cross-reference target not found: '../#146/doc3.md' [myst.xref_missing]
/home/kurt/sphinx-nla/source/146/contents-list.md:29: WARNING: 'myst' cross-reference target not found: '../#146/doc3.md' [myst.xref_missing]
/home/kurt/sphinx-nla/source/146/contents-list.md:31: WARNING: 'myst' cross-reference target not found: '../#146/doc4.md' [myst.xref_missing]
/home/kurt/sphinx-nla/source/146/contents-list.md:33: WARNING: 'myst' cross-reference target not found: '../#146/doc4.md' [myst.xref_missing]
/home/kurt/sphinx-nla/source/146/contents-list.md:37: WARNING: 'myst' cross-reference target not found: '../#146/doc5.md' [myst.xref_missing]
/home/kurt/sphinx-nla/source/146/contents-list.md:39: WARNING: 'myst' cross-reference target not found: '../#146/doc5.md' [myst.xref_missing]
/home/kurt/sphinx-nla/source/146/contents-list.md:41: WARNING: 'myst' cross-reference target not found: '../#146/doc6.md' [myst.xref_missing]
/home/kurt/sphinx-nla/source/146/contents-list.md:41: WARNING: 'myst' cross-reference target not found: '../#146/ad6-survey-drawing.md' [myst.xref_missing]
/home/kurt/sphinx-nla/source/146/contents-list.md:45: WARNING: 'myst' cross-reference target not found: '../#146/doc6.md' [myst.xref_missing]
/home/kurt/sphinx-nla/source/146/contents-list.md:45: WARNING: 'myst' cross-reference target not found: '../#146/ad6-survey-drawing.md' [myst.xref_missing]
/home/kurt/sphinx-nla/source/146/contents-list.md:50: WARNING: 'myst' cross-reference target not found: '../#146/doc7.md' [myst.xref_missing]
/home/kurt/sphinx-nla/source/146/contents-list.md:54: WARNING: 'myst' cross-reference target not found: '../#146/doc7.md' [myst.xref_missing]
/home/kurt/sphinx-nla/source/146/contents-list.md:58: WARNING: 'myst' cross-reference target not found: '../#146/doc8.md' [myst.xref_missing]
/home/kurt/sphinx-nla/source/146/contents-list.md:60: WARNING: 'myst' cross-reference target not found: '../#146/doc9.md' [myst.xref_missing]
/home/kurt/sphinx-nla/source/146/contents-list.md:62: WARNING: 'myst' cross-reference target not found: '../#146/doc9.md' [myst.xref_missing]
/home/kurt/sphinx-nla/source/146/doc1.md:9: WARNING: 'myst' cross-reference target not found: '../#genealogy/petzen/PET-B-1807a.md' [myst.xref_missing]
/home/kurt/sphinx-nla/source/146/doc1.md:9: WARNING: 'myst' cross-reference target not found: '../#genealogy/petzen/PET-B-1807a.md' [myst.xref_missing]
/home/kurt/sphinx-nla/source/146/doc1.md:13: WARNING: 'myst' cross-reference target not found: '../#genealogy/petzen/PET-B-1798c.md' [myst.xref_missing]
/home/kurt/sphinx-nla/source/146/doc1.md:13: WARNING: 'myst' cross-reference target not found: '../#genealogy/petzen/PET-B-1810a.md' [myst.xref_missing]
/home/kurt/sphinx-nla/source/146/doc2.md:22: WARNING: 'myst' cross-reference target not found: '../#1237/cover.md' [myst.xref_missing]
/home/kurt/sphinx-nla/source/146/doc2.md:24: WARNING: 'myst' cross-reference target not found: '../#1237/doc2.md' [myst.xref_missing]
/home/kurt/sphinx-nla/source/146/doc2.md:26: WARNING: 'myst' cross-reference target not found: '../#1237/doc4.md' [myst.xref_missing]
/home/kurt/sphinx-nla/source/146/doc2.md:28: WARNING: 'myst' cross-reference target not found: '../#1237/doc6.md' [myst.xref_missing]
/home/kurt/sphinx-nla/source/146/index.md:11: WARNING: 'myst' cross-reference target not found: 'doc1.md' [myst.xref_missing]
/home/kurt/sphinx-nla/source/146/nav.md:1: WARNING: toctree contains reference to document '146/index' that doesn't have a title: no link will be generated [toc.no_title]
/home/kurt/sphinx-nla/source/146/nav.md:1: WARNING: toctree contains reference to document '146/other-docs' that doesn't have a title: no link will be generated [toc.no_title]
/home/kurt/sphinx-nla/source/188/index.md:1: WARNING: 'myst' cross-reference target not found: '146/carl-fried-supplication-to-sel' [myst.xref_missing]
/home/kurt/sphinx-nla/source/188/index.md:1: WARNING: 'myst' cross-reference target not found: '../#146/other-docs.md' [myst.xref_missing]
/home/kurt/sphinx-nla/source/188/index.md:1: WARNING: 'myst' cross-reference target not found: '../#146/index.md' [myst.xref_missing]
/home/kurt/sphinx-nla/source/188/nav.md:1: WARNING: toctree contains reference to document '188/index' that doesn't have a title: no link will be generated [toc.no_title]
/home/kurt/sphinx-nla/source/354/nav.md:1: WARNING: toctree contains reference to document '354/index' that doesn't have a title: no link will be generated [toc.no_title]
/home/kurt/sphinx-nla/source/354/nav.md:1: WARNING: toctree contains reference to document '354/cover' that doesn't have a title: no link will be generated [toc.no_title]
/home/kurt/sphinx-nla/source/354/nav.md:1: WARNING: toctree contains reference to document '354/image2' that doesn't have a title: no link will be generated [toc.no_title]
/home/kurt/sphinx-nla/source/354/nav.md:1: WARNING: toctree contains reference to document '354/image3' that doesn't have a title: no link will be generated [toc.no_title]
/home/kurt/sphinx-nla/source/689/content-list.md:21: WARNING: 'myst' cross-reference target not found: 'doc1.md' [myst.xref_missing]
/home/kurt/sphinx-nla/source/689/content-list.md:23: WARNING: 'myst' cross-reference target not found: 'doc2-1.md' [myst.xref_missing]
/home/kurt/sphinx-nla/source/689/content-list.md:25: WARNING: 'myst' cross-reference target not found: 'doc2-2.md' [myst.xref_missing]
/home/kurt/sphinx-nla/source/689/content-list.md:29: WARNING: 'myst' cross-reference target not found: 'doc3-2.md' [myst.xref_missing]
/home/kurt/sphinx-nla/source/689/content-list.md:31: WARNING: 'myst' cross-reference target not found: 'doc3-3.md' [myst.xref_missing]
/home/kurt/sphinx-nla/source/689/content-list.md:33: WARNING: 'myst' cross-reference target not found: 'doc4-1.md' [myst.xref_missing]
/home/kurt/sphinx-nla/source/689/content-list.md:35: WARNING: 'myst' cross-reference target not found: 'doc4-2.md' [myst.xref_missing]
/home/kurt/sphinx-nla/source/689/content-list.md:37: WARNING: 'myst' cross-reference target not found: 'doc5.md' [myst.xref_missing]
/home/kurt/sphinx-nla/source/689/content-list.md:39: WARNING: 'myst' cross-reference target not found: 'doc6-1.md' [myst.xref_missing]
/home/kurt/sphinx-nla/source/689/content-list.md:41: WARNING: 'myst' cross-reference target not found: 'doc6-2.md' [myst.xref_missing]
/home/kurt/sphinx-nla/source/689/content-list.md:47: WARNING: 'myst' cross-reference target not found: 'doc8-1.md' [myst.xref_missing]
/home/kurt/sphinx-nla/source/689/content-list.md:49: WARNING: 'myst' cross-reference target not found: 'doc8-2.md' [myst.xref_missing]
/home/kurt/sphinx-nla/source/689/content-list.md:53: WARNING: 'myst' cross-reference target not found: 'doc9.md' [myst.xref_missing]
/home/kurt/sphinx-nla/source/689/content-list.md:55: WARNING: 'myst' cross-reference target not found: 'doc10.md' [myst.xref_missing]
/home/kurt/sphinx-nla/source/689/content-list.md:87: WARNING: 'myst' cross-reference target not found: 'doc2-1.md' [myst.xref_missing]
/home/kurt/sphinx-nla/source/689/content-list.md:91: WARNING: 'myst' cross-reference target not found: 'doc3-1.md' [myst.xref_missing]
/home/kurt/sphinx-nla/source/689/content-list.md:93: WARNING: 'myst' cross-reference target not found: 'doc3-2.md' [myst.xref_missing]
/home/kurt/sphinx-nla/source/689/content-list.md:95: WARNING: 'myst' cross-reference target not found: 'doc3-3.md' [myst.xref_missing]
/home/kurt/sphinx-nla/source/689/content-list.md:97: WARNING: 'myst' cross-reference target not found: 'doc4-1.md' [myst.xref_missing]
/home/kurt/sphinx-nla/source/689/content-list.md:99: WARNING: 'myst' cross-reference target not found: 'doc4-2.md' [myst.xref_missing]
/home/kurt/sphinx-nla/source/689/content-list.md:101: WARNING: 'myst' cross-reference target not found: 'doc5.md' [myst.xref_missing]
/home/kurt/sphinx-nla/source/689/content-list.md:103: WARNING: 'myst' cross-reference target not found: 'doc6-1.md' [myst.xref_missing]
/home/kurt/sphinx-nla/source/689/content-list.md:105: WARNING: 'myst' cross-reference target not found: 'doc6-2.md' [myst.xref_missing]
/home/kurt/sphinx-nla/source/689/content-list.md:107: WARNING: 'myst' cross-reference target not found: 'doc6-3.md' [myst.xref_missing]
/home/kurt/sphinx-nla/source/689/content-list.md:109: WARNING: 'myst' cross-reference target not found: 'doc7.md' [myst.xref_missing]
/home/kurt/sphinx-nla/source/689/content-list.md:111: WARNING: 'myst' cross-reference target not found: 'doc8-1.md' [myst.xref_missing]
/home/kurt/sphinx-nla/source/689/content-list.md:113: WARNING: 'myst' cross-reference target not found: 'doc8-2.md' [myst.xref_missing]
/home/kurt/sphinx-nla/source/689/content-list.md:115: WARNING: 'myst' cross-reference target not found: 'doc8-3.md' [myst.xref_missing]
/home/kurt/sphinx-nla/source/689/content-list.md:117: WARNING: 'myst' cross-reference target not found: 'doc9.md' [myst.xref_missing]
/home/kurt/sphinx-nla/source/689/content-list.md:119: WARNING: 'myst' cross-reference target not found: 'doc10.md' [myst.xref_missing]
/home/kurt/sphinx-nla/source/689/doc3-1.md:27: WARNING: 'myst' cross-reference target not found: 'doc3-2.md' [myst.xref_missing]
/home/kurt/sphinx-nla/source/689/workflow.md:1: WARNING: 'myst' cross-reference target not found: '' [myst.xref_missing]
/home/kurt/sphinx-nla/source/ROOT/nav-top.md:1: WARNING: 'myst' cross-reference target not found: 'index.md' [myst.xref_missing]
/home/kurt/sphinx-nla/source/rentkammer/case-file-docs-explained.md:31: WARNING: 'myst' cross-reference target not found: '../#689/amt-decree.md' [myst.xref_missing]
/home/kurt/sphinx-nla/source/rentkammer/nav.md:1: WARNING: toctree contains reference to document 'rentkammer/terms' that doesn't have a title: no link will be generated [toc.no_title]
generating indices... genindex done
writing additional pages... search done
copying images... [  1%] 1237/images/01.png
copying images... [  2%] 1237/images/05-left-page.png
copying images... [  2%] 1237/images/02.png
copying images... [  3%] 1237/images/03-left-page.png
copying images... [  4%] 1237/images/06-right-page.png
copying images... [  5%] 1237/images/08-right-page.png
copying images... [  6%] 1237/images/07-right-page.png
copying images... [  7%] 1291/images/01-r.jpg
copying images... [  7%] 1291/images/02-l.jpg
copying images... [  8%] 1291/images/02-r.jpg
copying images... [  9%] 1291/images/20-l.png
copying images... [ 10%] 1291/images/17-r.png
copying images... [ 11%] 1291/images/18-l.png
copying images... [ 12%] 1291/images/19-r.png
copying images... [ 12%] 1291/images/18-r.png
copying images... [ 13%] 1291/images/21-r.png
copying images... [ 14%] 1291/images/21-r-vert-text.png
copying images... [ 15%] 1291/images/23-r.png
copying images... [ 16%] 1291/images/24-r.png
copying images... [ 17%] 1291/images/25-l.png
copying images... [ 17%] 1291/images/25-r.png
copying images... [ 18%] 1291/images/26-r.png
copying images... [ 19%] 1291/images/29-l.png
copying images... [ 20%] 1291/images/28-l.png
copying images... [ 21%] 1291/images/30-r.png
copying images... [ 21%] 1291/images/31-r.png
copying images... [ 22%] 1291/images/32-l.png
copying images... [ 23%] 1291/images/31-r-vert-text.png
copying images... [ 24%] 1291/images/32-r.png
copying images... [ 25%] 1291/images/33-r.png
copying images... [ 26%] 1291/images/34-r.png
copying images... [ 26%] 1291/images/35-l.png
copying images... [ 27%] 1291/images/35-r.png
copying images... [ 28%] 1291/images/03-r.png
copying images... [ 29%] 1291/images/03-r-horz-text.png
copying images... [ 30%] 1291/images/04-r.png
copying images... [ 31%] 1291/images/05-r.png
copying images... [ 31%] 1291/images/36-r.png
copying images... [ 32%] 1291/images/37-l.png
copying images... [ 33%] 1291/images/37-r.png
copying images... [ 34%] 1291/images/38-r.png
copying images... [ 35%] 1291/images/39-r.png
copying images... [ 36%] 1291/images/40-l.png
copying images... [ 36%] 1291/images/40-r.png
copying images... [ 37%] 1291/images/06-r.png
copying images... [ 38%] 1291/images/11-l.png
copying images... [ 39%] 1291/images/07-r.png
copying images... [ 40%] 1291/images/08-l.png
copying images... [ 40%] 1291/images/07-r-vertical-text.png
copying images... [ 41%] 1291/images/10-l.png
copying images... [ 42%] 1291/images/09-l.png
copying images... [ 43%] 1291/images/12-r.png
copying images... [ 44%] 1291/images/13-l.png
copying images... [ 45%] 1291/images/12-r-vert-text.png
copying images... [ 45%] 1291/images/13-r.png
copying images... [ 46%] 1291/images/14-r.png
copying images... [ 47%] 1291/images/15-l.png
copying images... [ 48%] 1291/images/15-r.png
copying images... [ 49%] 1291/images/16-r.png
copying images... [ 50%] 139/images/10-l.png
copying images... [ 50%] 139/images/05-r.png
copying images... [ 51%] 139/images/01.png
copying images... [ 52%] 139/images/cover.jpg
copying images... [ 53%] 139/images/02-left-side-of-page.png
copying images... [ 54%] 139/images/03-left-side-of-page.png
copying images... [ 55%] 139/images/03-r.png
copying images... [ 55%] 139/images/04-r.png
copying images... [ 56%] 139/images/07-r.png
copying images... [ 57%] 139/images/11-l.png
copying images... [ 58%] 140/images/title-140.png
copying images... [ 59%] 140/images/page-17.png
copying images... [ 60%] 146/images/19-r.png
copying images... [ 60%] 146/images/20-l.png
copying images... [ 61%] 146/images/08-r.png
copying images... [ 62%] 146/images/21-r.png
copying images... [ 63%] 146/images/22-r.png
copying images... [ 64%] 146/images/23-l.png
copying images... [ 64%] 146/images/23-r.png
copying images... [ 65%] 146/images/24-l.png
copying images... [ 66%] 146/images/cover-top.jpg
copying images... [ 67%] 146/images/05-l.png
copying images... [ 68%] 146/images/02-r.png
copying images... [ 69%] 146/images/03-l.png
copying images... [ 69%] 146/images/12-r.png
copying images... [ 70%] 146/images/13-r.png
copying images... [ 71%] 146/images/14-l.png
copying images... [ 72%] 146/images/03-r.png
copying images... [ 73%] 146/images/04-l.png
copying images... [ 74%] 146/images/04-r.png
copying images... [ 74%] 146/images/05-r-alternate.png
copying images... [ 75%] 146/images/06-r.png
copying images... [ 76%] 146/images/07-r.png
copying images... [ 77%] 146/images/10-r.png
copying images... [ 78%] 146/images/11-r.png
copying images... [ 79%] 146/images/22-l.png
copying images... [ 79%] 146/images/16-l-alternate.png
copying images... [ 80%] 146/images/17-r-alternate.png
copying images... [ 81%] 146/images/17-r-small-text.png
copying images... [ 82%] 146/images/15-r.png
copying images... [ 83%] 147/images/01-r.png
copying images... [ 83%] 147/images/cover.png
copying images... [ 84%] 147/images/09-r.png
copying images... [ 85%] 147/images/09-vert-text.png
copying images... [ 86%] 147/images/11.png
copying images... [ 87%] 188/images/01-r.png
copying images... [ 88%] 188/images/cover.png
copying images... [ 88%] 2713/images/2713-24.png
copying images... [ 89%] 354/images/cover.png
copying images... [ 90%] 354/images/002.png
copying images... [ 91%] 354/images/003.png
copying images... [ 92%] 354/images/04.png
copying images... [ 93%] 689/images/01-r.png
copying images... [ 93%] 689/images/cover-orig.png
copying images... [ 94%] 689/images/08-l.png
copying images... [ 95%] 689/images/06-l.png
copying images... [ 96%] 689/images/09-r.png
copying images... [ 97%] 689/images/10-l.png
copying images... [ 98%] 689/images/14-r.png
copying images... [ 98%] 689/images/16-l.png
copying images... [ 99%] 689/images/18-r.png
copying images... [100%] 689/images/07-l.png

dumping search index in English (code: en)... done
dumping object inventory... done
build succeeded, 228 warnings.

The HTML pages are in _build/html.
